C51 COMPILER V9.56.0.0   DELAY                                                             04/11/2022 19:07:32 PAGE 1   


C51 COMPILER V9.56.0.0, COMPILATION OF MODULE DELAY
OBJECT MODULE PLACED IN .\Objects\delay.obj
COMPILER INVOKED BY: D:\keil\C51\BIN\C51.EXE delay.c OPTIMIZE(8,SPEED) BROWSE DEBUG OBJECTEXTEND PRINT(.\Listings\delay.
                    -lst) TABS(2) OBJECT(.\Objects\delay.obj)

line level    source

   1          /*******************************************************************************
   2          * 函 数 名       : delay_10us
   3          * 函数功能     : 延时函数，ten_us=1时，大约延时10us
   4          * 输    入       : ten_us
   5          * 输    出       : 无
   6          *******************************************************************************/
   7          void delay_10us(unsigned int ten_us)
   8          {
   9   1        while(ten_us--);  
  10   1      }
  11          
  12          /*******************************************************************************
  13          * 函 数 名       : delay_ms
  14          * 函数功能     : ms延时函数，ms=1时，大约延时1ms
  15          * 输    入       : ms：ms延时时间
  16          * 输    出       : 无
  17          *******************************************************************************/
  18          void delay_ms(unsigned int ms)
  19          {
  20   1        unsigned int i,j;
  21   1        for(i=ms;i>0;i--)
  22   1          for(j=110;j>0;j--);
  23   1      }
  24          /************ 延时函数  *****************/


MODULE INFORMATION:   STATIC OVERLAYABLE
   CODE SIZE        =     41    ----
   CONSTANT SIZE    =   ----    ----
   XDATA SIZE       =   ----    ----
   PDATA SIZE       =   ----    ----
   DATA SIZE        =   ----    ----
   IDATA SIZE       =   ----    ----
   BIT SIZE         =   ----    ----
END OF MODULE INFORMATION.


C51 COMPILATION COMPLETE.  0 WARNING(S),  0 ERROR(S)
